// Jest Snapshot v1, https://jestjs.io/docs/snapshot-testing

exports[`SignInPage matches snapshot 1`] = `
<DocumentFragment>
  <div>
    mock signin component
  </div>
</DocumentFragment>
`;
