// Jest Snapshot v1, https://jestjs.io/docs/snapshot-testing

exports[`SignUpPage matches snapshot 1`] = `
<DocumentFragment>
  <div>
    mock signup component
  </div>
</DocumentFragment>
`;
